✓ Lockfile passes supply-chain policies (verified 8m ago)
Lockfile is up to date, resolution step is skipped
Progress: resolved 1, reused 0, downloaded 0, added 0
Packages: +919
++++++++++++++++++++++++++++++++++++++++++++++++++++++++++++++++++++++++++++++++
Progress: resolved 919, reused 1, downloaded 0, added 0
Progress: resolved 919, reused 4, downloaded 0, added 0
Progress: resolved 919, reused 8, downloaded 0, added 0
Progress: resolved 919, reused 9, downloaded 0, added 0
Progress: resolved 919, reused 11, downloaded 0, added 0
Progress: resolved 919, reused 12, downloaded 0, added 0
Progress: resolved 919, reused 13, downloaded 0, added 0
Progress: resolved 919, reused 14, downloaded 0, added 0
Progress: resolved 919, reused 15, downloaded 0, added 0
Progress: resolved 919, reused 17, downloaded 0, added 0
Progress: resolved 919, reused 18, downloaded 0, added 0
Progress: resolved 919, reused 20, downloaded 0, added 0
Progress: resolved 919, reused 21, downloaded 0, added 0
Progress: resolved 919, reused 22, downloaded 0, added 0
Progress: resolved 919, reused 23, downloaded 0, added 0
Progress: resolved 919, reused 26, downloaded 0, added 0
Progress: resolved 919, reused 28, downloaded 0, added 0
Progress: resolved 919, reused 29, downloaded 0, added 0
Progress: resolved 919, reused 31, downloaded 0, added 0
Progress: resolved 919, reused 38, downloaded 0, added 0
Progress: resolved 919, reused 39, downloaded 0, added 0
Progress: resolved 919, reused 40, downloaded 0, added 0
Progress: resolved 919, reused 42, downloaded 0, added 0
Progress: resolved 919, reused 43, downloaded 0, added 0
Progress: resolved 919, reused 44, downloaded 0, added 0
Progress: resolved 919, reused 45, downloaded 0, added 0
Progress: resolved 919, reused 46, downloaded 0, added 0
Progress: resolved 919, reused 47, downloaded 0, added 0
Progress: resolved 919, reused 48, downloaded 0, added 0
Progress: resolved 919, reused 49, downloaded 0, added 0
Progress: resolved 919, reused 50, downloaded 0, added 0
Progress: resolved 919, reused 52, downloaded 0, added 0
Progress: resolved 919, reused 53, downloaded 0, added 0
Progress: resolved 919, reused 54, downloaded 0, added 0
Progress: resolved 919, reused 55, downloaded 0, added 0
Progress: resolved 919, reused 56, downloaded 0, added 0
Progress: resolved 919, reused 58, downloaded 0, added 0
Progress: resolved 919, reused 59, downloaded 0, added 0
Progress: resolved 919, reused 60, downloaded 0, added 0
Progress: resolved 919, reused 61, downloaded 0, added 0
Progress: resolved 919, reused 62, downloaded 0, added 0
Progress: resolved 919, reused 63, downloaded 0, added 0
Progress: resolved 919, reused 64, downloaded 0, added 0
Progress: resolved 919, reused 65, downloaded 0, added 0
Progress: resolved 919, reused 66, downloaded 0, added 0
Progress: resolved 919, reused 67, downloaded 0, added 0
Progress: resolved 919, reused 68, downloaded 0, added 0
Progress: resolved 919, reused 71, downloaded 0, added 0
Progress: resolved 919, reused 72, downloaded 0, added 0
Progress: resolved 919, reused 76, downloaded 0, added 0
Progress: resolved 919, reused 82, downloaded 0, added 0
Progress: resolved 919, reused 83, downloaded 0, added 0
Progress: resolved 919, reused 84, downloaded 0, added 0
[ERROR] Command was killed with SIGTERM (Termination): pnpm install

pnpm: Command was killed with SIGTERM (Termination): pnpm install
    at getFinalError (file:///usr/lib/node_modules/pnpm/dist/pnpm.mjs:88983:14)
    at makeError (file:///usr/lib/node_modules/pnpm/dist/pnpm.mjs:91290:21)
    at getSyncResult (file:///usr/lib/node_modules/pnpm/dist/pnpm.mjs:93134:10)
    at spawnSubprocessSync (file:///usr/lib/node_modules/pnpm/dist/pnpm.mjs:93094:14)
    at execaCoreSync (file:///usr/lib/node_modules/pnpm/dist/pnpm.mjs:93024:23)
    at callBoundExeca (file:///usr/lib/node_modules/pnpm/dist/pnpm.mjs:95552:23)
    at boundExeca (file:///usr/lib/node_modules/pnpm/dist/pnpm.mjs:95529:49)
    at sync2 (file:///usr/lib/node_modules/pnpm/dist/pnpm.mjs:95684:14)
    at runPnpmCli (file:///usr/lib/node_modules/pnpm/dist/pnpm.mjs:252072:5)
    at runDepsStatusCheck (file:///usr/lib/node_modules/pnpm/dist/pnpm.mjs:253836:7)
